#-----------------------------------------------------------
# Webtalk v2019.1 (64-bit)
# SW Build 2552052 on Fri May 24 14:49:42 MDT 2019
# IP Build 2548770 on Fri May 24 18:01:18 MDT 2019
# Start of session at: Wed Feb 23 00:07:51 2022
# Process ID: 19592
# Current directory: C:/Users/yvvan/Documents/Research/Vivado_Verilog_Tutorial/tutorial/tutorial/tutorial.sim/sim_1/synth/timing/xsim
# Command line: wbtcv.exe -mode batch -source C:/Users/yvvan/Documents/Research/Vivado_Verilog_Tutorial/tutorial/tutorial/tutorial.sim/sim_1/synth/timing/xsim/xsim.dir/tutorial_tb_time_synth/webtalk/xsim_webtalk.tcl -notrace
# Log file: C:/Users/yvvan/Documents/Research/Vivado_Verilog_Tutorial/tutorial/tutorial/tutorial.sim/sim_1/synth/timing/xsim/webtalk.log
# Journal file: C:/Users/yvvan/Documents/Research/Vivado_Verilog_Tutorial/tutorial/tutorial/tutorial.sim/sim_1/synth/timing/xsim\webtalk.jou
#-----------------------------------------------------------
source C:/Users/yvvan/Documents/Research/Vivado_Verilog_Tutorial/tutorial/tutorial/tutorial.sim/sim_1/synth/timing/xsim/xsim.dir/tutorial_tb_time_synth/webtalk/xsim_webtalk.tcl -notrace
