#-----------------------------------------------------------
# Vivado v2019.1 (64-bit)
# SW Build 2552052 on Fri May 24 14:49:42 MDT 2019
# IP Build 2548770 on Fri May 24 18:01:18 MDT 2019
# Start of session at: Fri Mar 18 01:08:34 2022
# Process ID: 12992
# Current directory: C:/Users/yvvan/Documents/Research/Vivado_Verilog_Tutorial/lab1/lab1_2_1_input_output_dataflow
# Command line: vivado.exe -gui_launcher_event rodinguilauncherevent18784 C:\Users\yvvan\Documents\Research\Vivado_Verilog_Tutorial\lab1\lab1_2_1_input_output_dataflow\lab1_2_1.xpr
# Log file: C:/Users/yvvan/Documents/Research/Vivado_Verilog_Tutorial/lab1/lab1_2_1_input_output_dataflow/vivado.log
# Journal file: C:/Users/yvvan/Documents/Research/Vivado_Verilog_Tutorial/lab1/lab1_2_1_input_output_dataflow\vivado.jou
#-----------------------------------------------------------
start_guioopen_project C:/Users/yvvan/Documents/Research/Vivado_Verilog_Tutorial/lab1/lab1_2_1_input_output_dataflow/lab1_2_1.xpruupdate_compile_order -fileset sources_1
synth_design -rtl -name rtl_1
