#-----------------------------------------------------------
# Webtalk v2019.1 (64-bit)
# SW Build 2552052 on Fri May 24 14:49:42 MDT 2019
# IP Build 2548770 on Fri May 24 18:01:18 MDT 2019
# Start of session at: Thu Mar 24 20:02:08 2022
# Process ID: 16764
# Current directory: C:/Users/yvvan/Documents/Research/Vivado_Verilog_Tutorial/lab10/lab10_1_1_divisible_by3/lab10_1_1.sim/sim_1/behav/xsim
# Command line: wbtcv.exe -mode batch -source C:/Users/yvvan/Documents/Research/Vivado_Verilog_Tutorial/lab10/lab10_1_1_divisible_by3/lab10_1_1.sim/sim_1/behav/xsim/xsim.dir/mealy_fsm_tb_behav/webtalk/xsim_webtalk.tcl -notrace
# Log file: C:/Users/yvvan/Documents/Research/Vivado_Verilog_Tutorial/lab10/lab10_1_1_divisible_by3/lab10_1_1.sim/sim_1/behav/xsim/webtalk.log
# Journal file: C:/Users/yvvan/Documents/Research/Vivado_Verilog_Tutorial/lab10/lab10_1_1_divisible_by3/lab10_1_1.sim/sim_1/behav/xsim\webtalk.jou
#-----------------------------------------------------------
source C:/Users/yvvan/Documents/Research/Vivado_Verilog_Tutorial/lab10/lab10_1_1_divisible_by3/lab10_1_1.sim/sim_1/behav/xsim/xsim.dir/mealy_fsm_tb_behav/webtalk/xsim_webtalk.tcl -notrace
