#-----------------------------------------------------------
# Webtalk v2019.1 (64-bit)
# SW Build 2552052 on Fri May 24 14:49:42 MDT 2019
# IP Build 2548770 on Fri May 24 18:01:18 MDT 2019
# Start of session at: Mon Feb 28 21:24:50 2022
# Process ID: 17756
# Current directory: C:/Users/yvvan/Documents/Research/Vivado_Verilog_Tutorial/lab3/lab3_1_1/lab3_1_1.sim/sim_1/behav/xsim
# Command line: wbtcv.exe -mode batch -source C:/Users/yvvan/Documents/Research/Vivado_Verilog_Tutorial/lab3/lab3_1_1/lab3_1_1.sim/sim_1/behav/xsim/xsim.dir/decoder_3to8_dataflow_tb_behav/webtalk/xsim_webtalk.tcl -notrace
# Log file: C:/Users/yvvan/Documents/Research/Vivado_Verilog_Tutorial/lab3/lab3_1_1/lab3_1_1.sim/sim_1/behav/xsim/webtalk.log
# Journal file: C:/Users/yvvan/Documents/Research/Vivado_Verilog_Tutorial/lab3/lab3_1_1/lab3_1_1.sim/sim_1/behav/xsim\webtalk.jou
#-----------------------------------------------------------
source C:/Users/yvvan/Documents/Research/Vivado_Verilog_Tutorial/lab3/lab3_1_1/lab3_1_1.sim/sim_1/behav/xsim/xsim.dir/decoder_3to8_dataflow_tb_behav/webtalk/xsim_webtalk.tcl -notrace
