#-----------------------------------------------------------
# Vivado v2019.1 (64-bit)
# SW Build 2552052 on Fri May 24 14:49:42 MDT 2019
# IP Build 2548770 on Fri May 24 18:01:18 MDT 2019
# Start of session at: Mon Feb 28 20:25:55 2022
# Process ID: 3268
# Current directory: C:/Users/yvvan/Documents/Research/Vivado_Verilog_Tutorial/lab2/lab2_3_1_fulladder_4bit
# Command line: vivado.exe -gui_launcher_event rodinguilauncherevent12952 C:\Users\yvvan\Documents\Research\Vivado_Verilog_Tutorial\lab2\lab2_3_1_fulladder_4bit\lab2_3_1.xpr
# Log file: C:/Users/yvvan/Documents/Research/Vivado_Verilog_Tutorial/lab2/lab2_3_1_fulladder_4bit/vivado.log
# Journal file: C:/Users/yvvan/Documents/Research/Vivado_Verilog_Tutorial/lab2/lab2_3_1_fulladder_4bit\vivado.jou
#-----------------------------------------------------------
start_gui
open_project C:/Users/yvvan/Documents/Research/Vivado_Verilog_Tutorial/lab2/lab2_3_1_fulladder_4bit/lab2_3_1.xpr
update_compile_order -fileset sources_1
synth_design -rtl -name rtl_1
launch_simulation
launch_simulation
source fulladder_dataflow_tb.tcl
save_wave_config {C:/Users/yvvan/Documents/Research/Vivado_Verilog_Tutorial/lab2/lab2_3_1_fulladder_4bit/fulladder_dataflow_tb_behav.wcfg}
add_files -fileset sim_1 -norecurse C:/Users/yvvan/Documents/Research/Vivado_Verilog_Tutorial/lab2/lab2_3_1_fulladder_4bit/fulladder_dataflow_tb_behav.wcfg
set_property xsim.view {C:/Users/yvvan/Documents/Research/Vivado_Verilog_Tutorial/lab2/lab2_3_1_fulladder_4bit/fulladder_dataflow_tb_behav.wcfg C:/Users/yvvan/Documents/Research/Vivado_Verilog_Tutorial/lab2/lab2_3_1_fulladder_4bit/fulladder_dataflow_tb_behav.wcfg} [get_filesets sim_1]
reset_run synth_1
launch_runs synth_1 -jobs 4
wait_on_run synth_1
launch_runs impl_1 -jobs 4
wait_on_run impl_1
launch_runs impl_1 -to_step write_bitstream -jobs 4
wait_on_run impl_1
open_hw
connect_hw_server
open_hw_target
set_property PROGRAM.FILE {C:/Users/yvvan/Documents/Research/Vivado_Verilog_Tutorial/lab2/lab2_3_1_fulladder_4bit/lab2_3_1.runs/impl_1/fulladder_4bit.bit} [get_hw_devices xc7a35t_0]
current_hw_device [get_hw_devices xc7a35t_0]
refresh_hw_device -update_hw_probes false [lindex [get_hw_devices xc7a35t_0] 0]
set_property PROBES.FILE {} [get_hw_devices xc7a35t_0]
set_property FULL_PROBES.FILE {} [get_hw_devices xc7a35t_0]
set_property PROGRAM.FILE {C:/Users/yvvan/Documents/Research/Vivado_Verilog_Tutorial/lab2/lab2_3_1_fulladder_4bit/lab2_3_1.runs/impl_1/fulladder_4bit.bit} [get_hw_devices xc7a35t_0]
program_hw_devices [get_hw_devices xc7a35t_0]
refresh_hw_device [lindex [get_hw_devices xc7a35t_0] 0]
set_property PROBES.FILE {} [get_hw_devices xc7a35t_0]
set_property FULL_PROBES.FILE {} [get_hw_devices xc7a35t_0]
set_property PROGRAM.FILE {C:/Users/yvvan/Documents/Research/Vivado_Verilog_Tutorial/lab2/lab2_3_1_fulladder_4bit/lab2_3_1.runs/impl_1/fulladder_4bit.bit} [get_hw_devices xc7a35t_0]
program_hw_devices [get_hw_devices xc7a35t_0]
refresh_hw_device [lindex [get_hw_devices xc7a35t_0] 0]
close_sim
