#-----------------------------------------------------------
# Vivado v2019.1 (64-bit)
# SW Build 2552052 on Fri May 24 14:49:42 MDT 2019
# IP Build 2548770 on Fri May 24 18:01:18 MDT 2019
# Start of session at: Fri Mar 25 19:47:21 2022
# Process ID: 8308
# Current directory: C:/Users/yvvan/Documents/Research/Vivado_Verilog_Tutorial/lab8/lab8_2_1_counter_7seg
# Command line: vivado.exe -gui_launcher_event rodinguilauncherevent16980 C:\Users\yvvan\Documents\Research\Vivado_Verilog_Tutorial\lab8\lab8_2_1_counter_7seg\lab8_2_1.xpr
# Log file: C:/Users/yvvan/Documents/Research/Vivado_Verilog_Tutorial/lab8/lab8_2_1_counter_7seg/vivado.log
# Journal file: C:/Users/yvvan/Documents/Research/Vivado_Verilog_Tutorial/lab8/lab8_2_1_counter_7seg\vivado.jou
#-----------------------------------------------------------
start_guioopen_project C:/Users/yvvan/Documents/Research/Vivado_Verilog_Tutorial/lab8/lab8_2_1_counter_7seg/lab8_2_1.xpruupdate_compile_order -fileset sources_1
open_hw
connect_hw_server
open_hw_target
set_property PROGRAM.FILE {C:/Users/yvvan/Documents/Research/Vivado_Verilog_Tutorial/lab8/lab8_2_1_counter_7seg/lab8_2_1.runs/impl_1/counter_7seg.bit} [get_hw_devices xc7a35t_0]
current_hw_device [get_hw_devices xc7a35t_0]
refresh_hw_device -update_hw_probes false [lindex [get_hw_devices xc7a35t_0] 0]
set_property PROBES.FILE {} [get_hw_devices xc7a35t_0]
set_property FULL_PROBES.FILE {} [get_hw_devices xc7a35t_0]
set_property PROGRAM.FILE {C:/Users/yvvan/Documents/Research/Vivado_Verilog_Tutorial/lab8/lab8_2_1_counter_7seg/lab8_2_1.runs/impl_1/counter_7seg.bit} [get_hw_devices xc7a35t_0]
program_hw_devices [get_hw_devices xc7a35t_0]
refresh_hw_device [lindex [get_hw_devices xc7a35t_0] 0]
close_hw
