#-----------------------------------------------------------
# Webtalk v2019.1 (64-bit)
# SW Build 2552052 on Fri May 24 14:49:42 MDT 2019
# IP Build 2548770 on Fri May 24 18:01:18 MDT 2019
# Start of session at: Mon Mar 14 02:56:09 2022
# Process ID: 12436
# Current directory: C:/Users/yvvan/Documents/Research/Vivado_Verilog_Tutorial/lab7/lab7_1_4/lab7_1_4.sim/sim_1/behav/xsim
# Command line: wbtcv.exe -mode batch -source C:/Users/yvvan/Documents/Research/Vivado_Verilog_Tutorial/lab7/lab7_1_4/lab7_1_4.sim/sim_1/behav/xsim/xsim.dir/bcd_to_gray_code_tb_behav/webtalk/xsim_webtalk.tcl -notrace
# Log file: C:/Users/yvvan/Documents/Research/Vivado_Verilog_Tutorial/lab7/lab7_1_4/lab7_1_4.sim/sim_1/behav/xsim/webtalk.log
# Journal file: C:/Users/yvvan/Documents/Research/Vivado_Verilog_Tutorial/lab7/lab7_1_4/lab7_1_4.sim/sim_1/behav/xsim\webtalk.jou
#-----------------------------------------------------------
source C:/Users/yvvan/Documents/Research/Vivado_Verilog_Tutorial/lab7/lab7_1_4/lab7_1_4.sim/sim_1/behav/xsim/xsim.dir/bcd_to_gray_code_tb_behav/webtalk/xsim_webtalk.tcl -notrace
