#-----------------------------------------------------------
# Webtalk v2019.1 (64-bit)
# SW Build 2552052 on Fri May 24 14:49:42 MDT 2019
# IP Build 2548770 on Fri May 24 18:01:18 MDT 2019
# Start of session at: Thu Mar 24 16:53:03 2022
# Process ID: 17292
# Current directory: C:/Users/yvvan/Documents/Research/Vivado_Verilog_Tutorial/lab8/lab8_2_1_counter_7seg/lab8_2_1.sim/sim_1/behav/xsim
# Command line: wbtcv.exe -mode batch -source C:/Users/yvvan/Documents/Research/Vivado_Verilog_Tutorial/lab8/lab8_2_1_counter_7seg/lab8_2_1.sim/sim_1/behav/xsim/xsim.dir/counter_7seg_behav/webtalk/xsim_webtalk.tcl -notrace
# Log file: C:/Users/yvvan/Documents/Research/Vivado_Verilog_Tutorial/lab8/lab8_2_1_counter_7seg/lab8_2_1.sim/sim_1/behav/xsim/webtalk.log
# Journal file: C:/Users/yvvan/Documents/Research/Vivado_Verilog_Tutorial/lab8/lab8_2_1_counter_7seg/lab8_2_1.sim/sim_1/behav/xsim\webtalk.jou
#-----------------------------------------------------------
source C:/Users/yvvan/Documents/Research/Vivado_Verilog_Tutorial/lab8/lab8_2_1_counter_7seg/lab8_2_1.sim/sim_1/behav/xsim/xsim.dir/counter_7seg_behav/webtalk/xsim_webtalk.tcl -notrace
